
> meowtv@0.1.0 build
> next build

Γû▓ Next.js 16.1.0 (Turbopack)
- Environments: .env.local

  Creating an optimized production build ...
Γ£ô Compiled successfully in 6.0s
  Running TypeScript ...
  Collecting page data using 11 workers ...
  Generating static pages using 11 workers (0/7) ...
  Generating static pages using 11 workers (1/7) 
  Generating static pages using 11 workers (3/7) 
  Generating static pages using 11 workers (5/7) 
Γ£ô Generating static pages using 11 workers (7/7) in 744.5ms
  Finalizing page optimization ...

Route (app)
Γöî Γùï /
Γö£ Γùï /_not-found
Γö£ Γùï /dmca
Γö£ Γùï /search
Γöö ΓùÅ /watch/[[...id]]
  Γöö /watch


Γùï  (Static)  prerendered as static content
ΓùÅ  (SSG)     prerendered as static HTML (uses generateStaticParams)

